// Jest Snapshot v1, https://goo.gl/fbAQLP

exports[`matches snapshot 1`] = `
Object {
  "asFragment": [Function],
  "baseElement": <body>
    <div>
      <div
        class="sc-bdfBwQ cQyOIl card"
      >
        <div
          class="container"
        >
          <div
            class="row g-2 m-2"
          >
            <div
              class="col-md-4 col-6"
            >
              <label
                class="form-label"
                for="Name"
              >
                Name
              </label>
              <input
                aria-label="Name"
                class="form-control"
                id="Name"
                type="text"
                value=""
              />
            </div>
          </div>
          <div
            class="row g-2 m-2 justify-content-center"
          >
            <div
              class="col-md-4 col-6"
            >
              <label
                class="col col-form-label d-flex justify-content-center"
                for="max-hp"
              >
                HP
              </label>
              <div
                class="d-flex"
              >
                <div>
                  <input
                    aria-label="current hit points"
                    class="form-control"
                    id="current-hp"
                    type="text"
                    value="0"
                  />
                </div>
                <p
                  class="fs-4 mx-2 text-muted"
                >
                  /
                </p>
                <div>
                  <input
                    aria-label="total hit points"
                    class="form-control"
                    id="max-hp"
                    type="text"
                    value="0"
                  />
                </div>
              </div>
            </div>
            <div
              class="col-md-4 col-6"
            >
              <label
                class="form-label d-flex justify-content-center"
                for="DR-sum"
              >
                DR
              </label>
              <input
                aria-label="Summary Damage Resistence"
                class="form-control"
                id="DR-sum"
                type="text"
                value="0"
              />
            </div>
          </div>
          <div
            class="row g-2 mb-2"
          >
            <div
              class="col-md-1 col-2 mx-1"
            >
              <button
                aria-label="add armor"
                class="btn btn-outline-success"
              >
                <i
                  class="fs-3 d-flex align-items-top bi bi-shield-fill-plus"
                />
              </button>
            </div>
            <div
              class="col mx-1"
            >
              <button
                class="btn btn-outline-primary mx-1"
                disabled=""
              >
                Collapse All
              </button>
              <button
                class="btn btn-outline-primary mx-1"
              >
                Reset
              </button>
            </div>
            <div
              class="col-md-4 col-4 mx-1"
            />
          </div>
          <div
            aria-label="armor stack"
            role="list"
          />
          <div
            class="card-body"
          >
            <div
              class="row m-2"
            >
              <div
                class="col col-6 offset-3 d-grid"
              >
                <button
                  class="btn btn-danger"
                >
                  <label>
                    Damage!
                  </label>
                  <i
                    class="bi bi-exclamation-triangle-fill"
                  />
                </button>
              </div>
            </div>
            <div
              class="row m-2"
            >
              <div
                class="col col-6 offset-3 d-grid"
              >
                <label
                  class="col col-form-label d-flex justify-content-center"
                  for="dice-trayvalue"
                >
                  Damage Value
                </label>
                <input
                  aria-label="value for damage calculation"
                  class="form-control"
                  id="dice-trayvalue"
                  type="tet"
                  value="0"
                />
                <div
                  class="row m-2"
                />
              </div>
            </div>
          </div>
        </div>
      </div>
    </div>
  </body>,
  "container": <div>
    <div
      class="sc-bdfBwQ cQyOIl card"
    >
      <div
        class="container"
      >
        <div
          class="row g-2 m-2"
        >
          <div
            class="col-md-4 col-6"
          >
            <label
              class="form-label"
              for="Name"
            >
              Name
            </label>
            <input
              aria-label="Name"
              class="form-control"
              id="Name"
              type="text"
              value=""
            />
          </div>
        </div>
        <div
          class="row g-2 m-2 justify-content-center"
        >
          <div
            class="col-md-4 col-6"
          >
            <label
              class="col col-form-label d-flex justify-content-center"
              for="max-hp"
            >
              HP
            </label>
            <div
              class="d-flex"
            >
              <div>
                <input
                  aria-label="current hit points"
                  class="form-control"
                  id="current-hp"
                  type="text"
                  value="0"
                />
              </div>
              <p
                class="fs-4 mx-2 text-muted"
              >
                /
              </p>
              <div>
                <input
                  aria-label="total hit points"
                  class="form-control"
                  id="max-hp"
                  type="text"
                  value="0"
                />
              </div>
            </div>
          </div>
          <div
            class="col-md-4 col-6"
          >
            <label
              class="form-label d-flex justify-content-center"
              for="DR-sum"
            >
              DR
            </label>
            <input
              aria-label="Summary Damage Resistence"
              class="form-control"
              id="DR-sum"
              type="text"
              value="0"
            />
          </div>
        </div>
        <div
          class="row g-2 mb-2"
        >
          <div
            class="col-md-1 col-2 mx-1"
          >
            <button
              aria-label="add armor"
              class="btn btn-outline-success"
            >
              <i
                class="fs-3 d-flex align-items-top bi bi-shield-fill-plus"
              />
            </button>
          </div>
          <div
            class="col mx-1"
          >
            <button
              class="btn btn-outline-primary mx-1"
              disabled=""
            >
              Collapse All
            </button>
            <button
              class="btn btn-outline-primary mx-1"
            >
              Reset
            </button>
          </div>
          <div
            class="col-md-4 col-4 mx-1"
          />
        </div>
        <div
          aria-label="armor stack"
          role="list"
        />
        <div
          class="card-body"
        >
          <div
            class="row m-2"
          >
            <div
              class="col col-6 offset-3 d-grid"
            >
              <button
                class="btn btn-danger"
              >
                <label>
                  Damage!
                </label>
                <i
                  class="bi bi-exclamation-triangle-fill"
                />
              </button>
            </div>
          </div>
          <div
            class="row m-2"
          >
            <div
              class="col col-6 offset-3 d-grid"
            >
              <label
                class="col col-form-label d-flex justify-content-center"
                for="dice-trayvalue"
              >
                Damage Value
              </label>
              <input
                aria-label="value for damage calculation"
                class="form-control"
                id="dice-trayvalue"
                type="tet"
                value="0"
              />
              <div
                class="row m-2"
              />
            </div>
          </div>
        </div>
      </div>
    </div>
  </div>,
  "debug": [Function],
  "findAllByAltText": [Function],
  "findAllByDisplayValue": [Function],
  "findAllByLabelText": [Function],
  "findAllByPlaceholderText": [Function],
  "findAllByRole": [Function],
  "findAllByTestId": [Function],
  "findAllByText": [Function],
  "findAllByTitle": [Function],
  "findByAltText": [Function],
  "findByDisplayValue": [Function],
  "findByLabelText": [Function],
  "findByPlaceholderText": [Function],
  "findByRole": [Function],
  "findByTestId": [Function],
  "findByText": [Function],
  "findByTitle": [Function],
  "getAllByAltText": [Function],
  "getAllByDisplayValue": [Function],
  "getAllByLabelText": [Function],
  "getAllByPlaceholderText": [Function],
  "getAllByRole": [Function],
  "getAllByTestId": [Function],
  "getAllByText": [Function],
  "getAllByTitle": [Function],
  "getByAltText": [Function],
  "getByDisplayValue": [Function],
  "getByLabelText": [Function],
  "getByPlaceholderText": [Function],
  "getByRole": [Function],
  "getByTestId": [Function],
  "getByText": [Function],
  "getByTitle": [Function],
  "queryAllByAltText": [Function],
  "queryAllByDisplayValue": [Function],
  "queryAllByLabelText": [Function],
  "queryAllByPlaceholderText": [Function],
  "queryAllByRole": [Function],
  "queryAllByTestId": [Function],
  "queryAllByText": [Function],
  "queryAllByTitle": [Function],
  "queryByAltText": [Function],
  "queryByDisplayValue": [Function],
  "queryByLabelText": [Function],
  "queryByPlaceholderText": [Function],
  "queryByRole": [Function],
  "queryByTestId": [Function],
  "queryByText": [Function],
  "queryByTitle": [Function],
  "rerender": [Function],
  "unmount": [Function],
}
`;
